// Jest Snapshot v1, https://goo.gl/fbAQLP

exports[`List renders empty list 1`] = `
<div
  class="jc-list jc-list-split"
>
  <div>
    <div
      class="jc-spin-nested-loading"
    >
      <div
        class="jc-spin-container"
      >
        <div
          class="jc-list-empty-text"
        >
          No data
        </div>
      </div>
    </div>
  </div>
</div>
`;
