// Jest Snapshot v1, https://goo.gl/fbAQLP

exports[`Spin should render custom indicator when it's set 1`] = `
<div
  class="jc-spin jc-spin-spinning"
>
  <div
    class="custom-indicator jc-spin-dot"
  />
</div>
`;
