// Jest Snapshot v1, https://goo.gl/fbAQLP

exports[`Table renders JSX correctly 1`] = `
<div
  class="jc-table-wrapper"
>
  <div
    class="jc-spin-nested-loading"
  >
    <div
      class="jc-spin-container"
    >
      <div
        class="jc-table jc-table-large jc-table-scroll-position-left"
      >
        <div
          class="jc-table-content"
        >
          <div
            class="jc-table-body"
          >
            <table
              class=""
            >
              <colgroup>
                <col />
                <col />
                <col />
              </colgroup>
              <thead
                class="jc-table-thead"
              >
                <tr>
                  <th
                    class=""
                    colspan="2"
                  >
                    <span>
                      Name
                    </span>
                  </th>
                  <th
                    class=""
                    rowspan="2"
                  >
                    <span>
                      Age
                    </span>
                  </th>
                </tr>
                <tr>
                  <th
                    class=""
                  >
                    <span>
                      First Name
                    </span>
                  </th>
                  <th
                    class=""
                  >
                    <span>
                      Last Name
                    </span>
                  </th>
                </tr>
              </thead>
              <tbody
                class="jc-table-tbody"
              >
                <tr
                  class="jc-table-row  jc-table-row-level-0"
                >
                  <td
                    class=""
                  >
                    <span
                      class="jc-table-row-indent indent-level-0"
                      style="padding-left:0px"
                    />
                    John
                  </td>
                  <td
                    class=""
                  >
                    Brown
                  </td>
                  <td
                    class=""
                  >
                    32
                  </td>
                </tr>
                <tr
                  class="jc-table-row  jc-table-row-level-0"
                >
                  <td
                    class=""
                  >
                    <span
                      class="jc-table-row-indent indent-level-0"
                      style="padding-left:0px"
                    />
                    Jim
                  </td>
                  <td
                    class=""
                  >
                    Green
                  </td>
                  <td
                    class=""
                  >
                    42
                  </td>
                </tr>
              </tbody>
            </table>
          </div>
        </div>
      </div>
    </div>
  </div>
</div>
`;
